// Jest Snapshot v1, https://goo.gl/fbAQLP

exports[`Example Component it renders the name 1`] = `
<div>
  <p>
    Lorem
    .
  </p>
</div>
`;
